// Jest Snapshot v1, https://goo.gl/fbAQLP

exports[`errors ApiError throw default message 1`] = `"Api returned an error"`;

exports[`errors InvalidAddressError throw default message 1`] = `"Invalid address"`;

exports[`errors NoDataAddressError throw default message 1`] = `"Address returns no data for the pool"`;
